// Refactor downloader retry mechanism – 2026-03-20 15:00:00
// Improve metadata extraction accuracy – 2026-03-20 15:00:00
// Refactor downloader retry mechanism – 2026-03-20 15:00:00
// Improve metadata extraction accuracy – 2026-03-21 15:00:00
// Enhance CLI command parsing – 2026-03-21 15:00:00
// Enhance CLI command parsing – 2026-03-21 15:00:00
// Optimize concurrent download handling – 2026-03-21 15:00:00
// Improve multi-format media extraction logic – 2026-03-21 15:00:00
// Improve metadata extraction accuracy – 2026-03-21 15:00:00
// Optimize concurrent download handling – 2026-03-21 15:00:00
// Improve multi-format media extraction logic – 2026-03-21 15:00:00
// Improve multi-format media extraction logic – 2026-03-21 15:00:00
// Improve metadata extraction accuracy – 2026-03-21 15:00:00
// Refactor downloader retry mechanism – 2026-03-21 15:00:00
// Refactor downloader retry mechanism – 2026-03-21 15:00:00
// Improve multi-format media extraction logic – 2026-03-21 15:00:00
// Enhance CLI command parsing – 2026-03-21 15:00:00
// Improve metadata extraction accuracy – 2026-03-21 15:00:00
// Enhance CLI command parsing – 2026-03-21 15:00:00
// Improve multi-format media extraction logic – 2026-03-21 15:00:00
// Improve multi-format media extraction logic – 2026-03-21 15:00:00
// Enhance CLI command parsing – 2026-03-21 15:00:00
// Improve metadata extraction accuracy – 2026-03-22 15:00:00
// Optimize concurrent download handling – 2026-03-22 15:00:00
// Improve metadata extraction accuracy – 2026-03-22 15:00:00
// Refactor downloader retry mechanism – 2026-03-22 15:00:00
// Refactor downloader retry mechanism – 2026-03-23 15:00:00
